../Core/Src/main.c:89:6:map	32	static
../Core/Src/main.c:104:6:change_pwm_duty_cycle	16	static
../Core/Src/main.c:108:6:init_cycle_counter	4	static
../Core/Src/main.c:118:10:get_cycle_count	4	static
../Core/Src/main.c:127:5:main	80	static
../Core/Src/main.c:221:6:SystemClock_Config	88	static
../Core/Src/main.c:263:13:MX_I2C3_Init	8	static
../Core/Src/main.c:297:13:MX_TIM4_Init	64	static
../Core/Src/main.c:361:13:MX_GPIO_Init	24	static
../Core/Src/main.c:383:6:Error_Handler	4	static,ignoring_inline_asm
